<html>
<body>
<pre>
<h1>µVision Build Log</h1>
<h2>Tool Versions:</h2>
IDE-Version: ¦ÌVision V5.12.0.0
Copyright (C) 2014 ARM Ltd and ARM Germany GmbH. All rights reserved.
License Information: yjtse yjtse, yjtse, LIC=----
 
Tool Versions:
Toolchain:       MDK-Lite  Version: 5.12.0.0
Toolchain Path:  D:\Keil_v5\ARM\ARMCC\Bin
C Compiler:      Armcc.exe V5.05 (build 41)
Assembler:       Armasm.exe V5.05 (build 41)
Linker/Locator:  ArmLink.exe V5.05 (build 41)
Library Manager: ArmAr.exe V5.05 (build 41)
Hex Converter:   FromElf.exe V5.05 (build 41)
CPU DLL:         SARMCM3.DLL V5.12.0.0
Dialog DLL:      DCM.DLL V1.13.0.0
    Target DLL: Segger\JL2CM3.dll
Dialog DLL:      TCM.DLL V1.14.2.0
 
<h2>Project:</h2>
D:\Workspaces\Keil uVision5\LAMP_STM32\ProjectTemplate\Template.uvprojx
Project File Date:  06/08/2017

<h2>Output:</h2>
Build target 'Target 1'
compiling main.cpp...
main.cpp(148): warning:  #177-D: variable "loop200HzCnt" was declared but never referenced
        uint16_t loop500Hzcnt=0,loop200HzCnt=0,loop50HzCnt=0 , loop600HzCnt=0,loop100HzCnt=0, loop20HzCnt=0 , loop10HzCnt=0, loop1HzCnt=0;
main.cpp(148): warning:  #177-D: variable "loop50HzCnt" was declared but never referenced
        uint16_t loop500Hzcnt=0,loop200HzCnt=0,loop50HzCnt=0 , loop600HzCnt=0,loop100HzCnt=0, loop20HzCnt=0 , loop10HzCnt=0, loop1HzCnt=0;
main.cpp(148): warning:  #177-D: variable "loop600HzCnt" was declared but never referenced
        uint16_t loop500Hzcnt=0,loop200HzCnt=0,loop50HzCnt=0 , loop600HzCnt=0,loop100HzCnt=0, loop20HzCnt=0 , loop10HzCnt=0, loop1HzCnt=0;
main.cpp(148): warning:  #177-D: variable "loop20HzCnt" was declared but never referenced
        uint16_t loop500Hzcnt=0,loop200HzCnt=0,loop50HzCnt=0 , loop600HzCnt=0,loop100HzCnt=0, loop20HzCnt=0 , loop10HzCnt=0, loop1HzCnt=0;
main.cpp: 4 warnings, 0 errors
linking...
Program Size: Code=12796 RO-data=620 RW-data=160 ZI-data=2184  
FromELF: creating hex file...
".\Objects\Template.axf" - 0 Error(s), 4 Warning(s).

<h2>Software Packages used:</h2>

Package Vendor: ARM
                http://www.keil.com/pack/ARM.CMSIS.4.2.0.pack
                ARM::CMSIS:CORE:3.40.0
                CMSIS (Cortex Microcontroller Software Interface Standard)
   * Component: CORE Version: 3.40.0

Package Vendor: Keil
                http://www.keil.com/pack/Keil.STM32F1xx_DFP.1.1.0.pack
                Keil::Device:StdPeriph Drivers:Framework:3.5.1
                STMicroelectronics STM32F1 Series Device Support, Drivers and Examples
   * Component: Framework Version: 3.5.1
   * Component: EXTI Version: 3.5.0
   * Component: GPIO Version: 3.5.0
   * Component: Startup Version: 1.0.0
   * Component: DMA Version: 3.5.0
   * Component: ADC Version: 3.5.0
   * Component: I2C Version: 3.5.0
   * Component: SPI Version: 3.5.0
   * Component: GPIO Version: 1.01.0
   * Component: TIM Version: 3.5.0
   * Component: USART Version: 3.5.0
   * Component: RCC Version: 3.5.0

<h2>Collection of Component include folders:</h2>
  D:\Workspaces\Keil uVision5\LAMP_STM32\ProjectTemplate\RTE
  D:\Workspaces\Keil uVision5\LAMP_STM32\ProjectTemplate\RTE\Device\STM32F103C8
  D:\Keil_v5\ARM\PACK\ARM\CMSIS\4.2.0\CMSIS\Include
  D:\Keil_v5\ARM\PACK\Keil\STM32F1xx_DFP\1.1.0\Device\Include
  D:\Keil_v5\ARM\PACK\Keil\STM32F1xx_DFP\1.1.0\Device\StdPeriph_Driver\inc
  D:\Keil_v5\ARM\PACK\Keil\STM32F1xx_DFP\1.1.0\RTE_Driver

<h2>Collection of Component Files used:</h2>

   * Component: ARM::CMSIS:CORE:3.40.0
      Source file:   CMSIS\UserCodeTemplates\ARM\ITM_Retarget.c

   * Component: Keil::Device:StdPeriph Drivers:Framework:3.5.1
      Source file:   Device\StdPeriph_Driver\src\misc.c
      Source file:   Device\StdPeriph_Driver\templates\stm32f10x_it.c
      Include file:  Device\StdPeriph_Driver\templates\stm32f10x_it.h
      Source file:   Device\StdPeriph_Driver\templates\stm32f10x_conf.h

   * Component: Keil::Device:StdPeriph Drivers:EXTI:3.5.0
      Include file:  Device\StdPeriph_Driver\inc\stm32f10x_exti.h
      Source file:   Device\StdPeriph_Driver\src\stm32f10x_exti.c

   * Component: Keil::Device:StdPeriph Drivers:GPIO:3.5.0
      Include file:  Device\StdPeriph_Driver\inc\stm32f10x_gpio.h
      Source file:   Device\StdPeriph_Driver\src\stm32f10x_gpio.c

   * Component: Keil::Device:Startup:1.0.0
      Source file:   Device\Source\ARM\startup_stm32f10x_md.s
      Source file:   Device\Source\ARM\STM32F1xx_OPT.s
      Source file:   Device\Source\system_stm32f10x.c
      Include file:  RTE_Driver\Config\RTE_Device.h

   * Component: Keil::Device:StdPeriph Drivers:DMA:3.5.0
      Include file:  Device\StdPeriph_Driver\inc\stm32f10x_dma.h
      Source file:   Device\StdPeriph_Driver\src\stm32f10x_dma.c

   * Component: Keil::Device:StdPeriph Drivers:ADC:3.5.0
      Source file:   Device\StdPeriph_Driver\src\stm32f10x_adc.c
      Include file:  Device\StdPeriph_Driver\inc\stm32f10x_adc.h

   * Component: Keil::Device:StdPeriph Drivers:I2C:3.5.0
      Include file:  Device\StdPeriph_Driver\inc\stm32f10x_i2c.h
      Source file:   Device\StdPeriph_Driver\src\stm32f10x_i2c.c

   * Component: Keil::Device:StdPeriph Drivers:SPI:3.5.0
      Include file:  Device\StdPeriph_Driver\inc\stm32f10x_spi.h
      Source file:   Device\StdPeriph_Driver\src\stm32f10x_spi.c

   * Component: Keil::Device:GPIO:1.01.0
      Source file:   RTE_Driver\GPIO_STM32F10x.c
      Include file:  RTE_Driver\GPIO_STM32F10x.h

   * Component: Keil::Device:StdPeriph Drivers:TIM:3.5.0
      Source file:   Device\StdPeriph_Driver\src\stm32f10x_tim.c
      Include file:  Device\StdPeriph_Driver\inc\stm32f10x_tim.h

   * Component: Keil::Device:StdPeriph Drivers:USART:3.5.0
      Source file:   Device\StdPeriph_Driver\src\stm32f10x_usart.c
      Include file:  Device\StdPeriph_Driver\inc\stm32f10x_usart.h

   * Component: Keil::Device:StdPeriph Drivers:RCC:3.5.0
      Include file:  Device\StdPeriph_Driver\inc\stm32f10x_rcc.h
      Source file:   Device\StdPeriph_Driver\src\stm32f10x_rcc.c
Load "D:\\Workspaces\\Keil uVision5\\LAMP_STM32\\ProjectTemplate\\Objects\\Template.axf" 
Set JLink Project File to "D:\Workspaces\Keil uVision5\LAMP_STM32\ProjectTemplate\JLinkSettings.ini"
* JLink Info: Device "STM32F103C8" selected (64 KB flash, 20 KB RAM).
 
JLink info:
------------
DLL: V4.91b, compiled Sep 15 2014 09:17:56
Firmware: J-Link ARM V8 compiled Nov 28 2014 13:44:46
Hardware: V8.00
S/N : 99991999 
Feature(s) : RDI,FlashDL,FlashBP,JFlash,GDBFULL 
 
* JLink Info: Found SWD-DP with ID 0x1BA01477
* JLink Info: Found SWD-DP with ID 0x1BA01477
* JLink Info: Found Cortex-M3 r1p1, Little endian.
* JLink Info: FPUnit: 6 code (BP) slots and 2 literal slots
* JLink Info: TPIU fitted.
ROMTableAddr = 0xE00FF003
 
Target info:
------------
Device: STM32F103C8
VTarget = 3.254V
State of Pins: 
TCK: 0, TDI: 1, TDO: 0, TMS: 1, TRES: 1, TRST: 1
Hardware-Breakpoints: 6
Software-Breakpoints: 8192
Watchpoints:          4
JTAG speed: 100 kHz
 
Full Chip Erase Done.
Programming Done.
Verify OK.
Application running ...
</pre>
</body>
</html>
ound SWD-DP with ID 0x1BA01477
* JLink Info: Found Cortex-M3 r1p1, Little endian.
* JLink Info: FPUnit: 6 code (BP) slots and 2 literal slots
* JLink Info: TPIU fitted.
ROMTableAddr = 0xE00FF003
 
Target info:
------------
Device: STM32F103C8
VTarget = 3.254V
State of Pins: 
TCK: 0, TDI: 1, TDO: 0, TMS: 1, TRES: 1, TRST: 1
Hardware-Breakpoints: 6
Software-Breakpoints: 8192
Watchpoints:          4
JTAG speed: 100 kHz
 
Full Chip Erase Done.
Programming Done.
Verify OK.
Application running ...
compiling main.cpp...
main.cpp(148): warning:  #177-D: variable "loop200HzCnt" was declared but never referenced
        uint16_t loop500Hzcnt=0,loop200HzCnt=0,loop50HzCnt=0 , loop600HzCnt=0,loop100HzCnt=0, loop20HzCnt=0 , loop10HzCnt=0, loop1HzCnt=0;
main.cpp(148): warning:  #177-D: variable "loop50HzCnt" was declared but never referenced
        uint16_t loop500Hzcnt=0,loop200HzCnt=0,loop50HzCnt=0 , loop600HzCnt=0,loop100HzCnt=0, loop20HzCnt=0 , loop10HzCnt=0, loop1HzCnt=0;
main.cpp(148): warning:  #177-D: variable "loop600HzCnt" was declared but never referenced
        uint16_t loop500Hzcnt=0,loop200HzCnt=0,loop50HzCnt=0 , loop600HzCnt=0,loop100HzCnt=0, loop20HzCnt=0 , loop10HzCnt=0, loop1HzCnt=0;
main.cpp(148): warning:  #177-D: variable "loop20HzCnt" was declared but never referenced
        uint16_t loop500Hzcnt=0,loop200HzCnt=0,loop50HzCnt=0 , loop600HzCnt=0,loop100HzCnt=0, loop20HzCnt=0 , loop10HzCnt=0, loop1HzCnt=0;
main.cpp: 4 warnings, 0 errors
"main.cpp" - 0 Error(s), 4 Warning(s).
Load "D:\\Workspaces\\Keil uVision5\\LAMP_STM32\\ProjectTemplate\\Objects\\Template.axf" 
Set JLink Project File to "D:\Workspaces\Keil uVision5\LAMP_STM32\ProjectTemplate\JLinkSettings.ini"
* JLink Info: Device "STM32F103C8" selected (64 KB flash, 20 KB RAM).
 
JLink info:
------------
DLL: V4.91b, compiled Sep 15 2014 09:17:56
Firmware: J-Link ARM V8 compiled Nov 28 2014 13:44:46
Hardware: V8.00
S/N : 99991999 
Feature(s) : RDI,FlashDL,FlashBP,JFlash,GDBFULL 
 
* JLink Info: Found SWD-DP with ID 0x1BA01477
* JLink Info: Found SWD-DP with ID 0x1BA01477
* JLink Info: Found Cortex-M3 r1p1, Little endian.
* JLink Info: FPUnit: 6 code (BP) slots and 2 literal slots
* JLink Info: TPIU fitted.
ROMTableAddr = 0xE00FF003
 
Target info:
------------
Device: STM32F103C8
VTarget = 3.254V
State of Pins: 
TCK: 0, TDI: 1, TDO: 0, TMS: 1, TRES: 1, TRST: 1
Hardware-Breakpoints: 6
Software-Breakpoints: 8192
Watchpoints:          4
JTAG speed: 100 kHz
 
Full Chip Erase Done.
Programming Done.
Verify OK.
Application running ...
